[Registers]
r00=00000000 r01=00000000 r02=00000000 r03=00000000
r04=00000000 r05=00002710 r06=00000002 r07=00000001
r08=00000000 r09=00000064 r10=00000065 r11=00000000
r12=00000000 r13=00000000 r14=00000000 r15=00000000
r16=00000000 r17=00000000 r18=01852324 r19=000529AE
r20=017FF976 r21=00000000 r22=00000000 r23=00000000
r24=0000B504 r25=00000000 r26=00000000 r27=00000000
r28=00000000 r29=00000000 r30=00000000 r31=00000000

[Memory @ 0x300]
00000300: 00000000
00000304: 00000000
00000308: 00000000
0000030C: 00000000
00000310: 00000000
00000314: 00000000
00000318: 00000000
0000031C: 00000000
00000320: 00000000
00000324: 00000000
00000328: 00000000
0000032C: 00000000
00000330: 00000000
00000334: 00000000
00000338: 00000000
0000033C: 00000000

[Output buffer]
25164150
