[Registers]
r00=00000000 r01=00000000 r02=00000000 r03=00000000
r04=00000000 r05=00000013 r06=00000002 r07=00000048
r08=00000300 r09=00000013 r10=00000001 r11=00000002
r12=00000000 r13=00000000 r14=00000000 r15=00000000
r16=00000000 r17=00000000 r18=00000012 r19=00000001
r20=00000017 r21=00000080 r22=00000000 r23=00000000
r24=00000348 r25=000003A0 r26=00000000 r27=00000000
r28=00000000 r29=00000000 r30=00000000 r31=00000000

[Memory @ 0x300]
00000300: 00000017
00000304: 00000080
00000308: 000000AE
0000030C: 000000BD
00000310: 000000CC
00000314: 000000E5
00000318: 00000108
0000031C: 00000127
00000320: 0000017B
00000324: 00000188
00000328: 000001D6
0000032C: 0000021B
00000330: 00000281
00000334: 00000298
00000338: 0000029B
0000033C: 00000304

[Output buffer]
23
128
174
189
204
229
264
295
379
392
470
539
641
664
667
772
818
852
928
